app/(auth)/forgot-password.tsx(53,46): error TS2322: Type '{ size: number; color: string; }' is not assignable to type 'IntrinsicAttributes & LucideProps'.
  Property 'color' does not exist on type 'IntrinsicAttributes & LucideProps'.
app/(auth)/forgot-password.tsx(90,56): error TS2322: Type '{ size: number; color: string; }' is not assignable to type 'IntrinsicAttributes & LucideProps'.
  Property 'color' does not exist on type 'IntrinsicAttributes & LucideProps'.
app/(tabs)/_layout.tsx(31,60): error TS2322: Type '{ color: string; size: number; }' is not assignable to type 'IntrinsicAttributes & LucideProps'.
  Property 'color' does not exist on type 'IntrinsicAttributes & LucideProps'.
app/(tabs)/_layout.tsx(39,64): error TS2322: Type '{ color: string; size: number; }' is not assignable to type 'IntrinsicAttributes & LucideProps'.
  Property 'color' does not exist on type 'IntrinsicAttributes & LucideProps'.
app/(tabs)/_layout.tsx(46,62): error TS2322: Type '{ color: string; size: number; }' is not assignable to type 'IntrinsicAttributes & LucideProps'.
  Property 'color' does not exist on type 'IntrinsicAttributes & LucideProps'.
app/(tabs)/_layout.tsx(53,60): error TS2322: Type '{ color: string; size: number; }' is not assignable to type 'IntrinsicAttributes & LucideProps'.
  Property 'color' does not exist on type 'IntrinsicAttributes & LucideProps'.
app/(tabs)/home.tsx(123,44): error TS2322: Type '{ size: number; color: string; }' is not assignable to type 'IntrinsicAttributes & LucideProps'.
  Property 'color' does not exist on type 'IntrinsicAttributes & LucideProps'.
app/(tabs)/home.tsx(130,47): error TS2322: Type '{ size: number; color: string; }' is not assignable to type 'IntrinsicAttributes & LucideProps'.
  Property 'color' does not exist on type 'IntrinsicAttributes & LucideProps'.
app/(tabs)/home.tsx(159,59): error TS2322: Type '{ color: string; size: number; }' is not assignable to type 'IntrinsicAttributes & LucideProps'.
  Property 'color' does not exist on type 'IntrinsicAttributes & LucideProps'.
app/(tabs)/home.tsx(164,37): error TS2322: Type '{ color: string; size: number; style: { opacity: number; }; }' is not assignable to type 'IntrinsicAttributes & LucideProps'.
  Property 'color' does not exist on type 'IntrinsicAttributes & LucideProps'.
app/(tabs)/leaderboard.tsx(67,42): error TS2322: Type '{ color: string; size: number; }' is not assignable to type 'IntrinsicAttributes & LucideProps'.
  Property 'color' does not exist on type 'IntrinsicAttributes & LucideProps'.
app/(tabs)/leaderboard.tsx(68,47): error TS2322: Type '{ color: string; size: number; }' is not assignable to type 'IntrinsicAttributes & LucideProps'.
  Property 'color' does not exist on type 'IntrinsicAttributes & LucideProps'.
app/(tabs)/leaderboard.tsx(69,47): error TS2322: Type '{ color: string; size: number; }' is not assignable to type 'IntrinsicAttributes & LucideProps'.
  Property 'color' does not exist on type 'IntrinsicAttributes & LucideProps'.
app/(tabs)/profile.tsx(39,53): error TS2322: Type '{ size: number; color: string; }' is not assignable to type 'IntrinsicAttributes & LucideProps'.
  Property 'color' does not exist on type 'IntrinsicAttributes & LucideProps'.
app/(tabs)/profile.tsx(66,46): error TS2322: Type '{ size: number; color: string; }' is not assignable to type 'IntrinsicAttributes & LucideProps'.
  Property 'color' does not exist on type 'IntrinsicAttributes & LucideProps'.
app/(tabs)/profile.tsx(69,45): error TS2322: Type '{ size: number; color: string; style: { transform: { rotate: string; }[]; }; }' is not assignable to type 'IntrinsicAttributes & LucideProps'.
  Property 'color' does not exist on type 'IntrinsicAttributes & LucideProps'.
app/(tabs)/profile.tsx(72,42): error TS2322: Type '{ size: number; color: string; }' is not assignable to type 'IntrinsicAttributes & LucideProps'.
  Property 'color' does not exist on type 'IntrinsicAttributes & LucideProps'.
app/(tabs)/profile.tsx(76,45): error TS2322: Type '{ size: number; color: string; }' is not assignable to type 'IntrinsicAttributes & LucideProps'.
  Property 'color' does not exist on type 'IntrinsicAttributes & LucideProps'.
app/onboarding/index.tsx(126,46): error TS2322: Type '{ size: number; color: string; }' is not assignable to type 'IntrinsicAttributes & LucideProps'.
  Property 'color' does not exist on type 'IntrinsicAttributes & LucideProps'.
app/profile/achievements.tsx(12,24): error TS2307: Cannot find module 'react-native-svg' or its corresponding type declarations.
app/profile/achievements.tsx(49,42): error TS2322: Type '{ size: number; color: string; }' is not assignable to type 'IntrinsicAttributes & LucideProps'.
  Property 'color' does not exist on type 'IntrinsicAttributes & LucideProps'.
app/profile/achievements.tsx(52,37): error TS2322: Type '{ size: number; color: string; }' is not assignable to type 'IntrinsicAttributes & LucideProps'.
  Property 'color' does not exist on type 'IntrinsicAttributes & LucideProps'.
app/profile/achievements.tsx(120,42): error TS2322: Type '{ size: number; color: string; }' is not assignable to type 'IntrinsicAttributes & LucideProps'.
  Property 'color' does not exist on type 'IntrinsicAttributes & LucideProps'.
app/profile/edit.tsx(125,42): error TS2322: Type '{ size: number; color: string; }' is not assignable to type 'IntrinsicAttributes & LucideProps'.
  Property 'color' does not exist on type 'IntrinsicAttributes & LucideProps'.
app/profile/edit.tsx(144,47): error TS2322: Type '{ size: number; color: string; }' is not assignable to type 'IntrinsicAttributes & LucideProps'.
  Property 'color' does not exist on type 'IntrinsicAttributes & LucideProps'.
app/profile/edit.tsx(175,45): error TS2322: Type '{ size: number; color: string; style: { marginRight: number; }; }' is not assignable to type 'IntrinsicAttributes & LucideProps'.
  Property 'color' does not exist on type 'IntrinsicAttributes & LucideProps'.
app/profile/edit.tsx(189,45): error TS2322: Type '{ size: number; color: string; style: { marginRight: number; }; }' is not assignable to type 'IntrinsicAttributes & LucideProps'.
  Property 'color' does not exist on type 'IntrinsicAttributes & LucideProps'.
app/profile/stats.tsx(39,42): error TS2322: Type '{ size: number; color: string; }' is not assignable to type 'IntrinsicAttributes & LucideProps'.
  Property 'color' does not exist on type 'IntrinsicAttributes & LucideProps'.
app/profile/stats.tsx(65,47): error TS2322: Type '{ size: number; color: string; }' is not assignable to type 'IntrinsicAttributes & LucideProps'.
  Property 'color' does not exist on type 'IntrinsicAttributes & LucideProps'.
app/profile/stats.tsx(73,44): error TS2322: Type '{ size: number; color: string; }' is not assignable to type 'IntrinsicAttributes & LucideProps'.
  Property 'color' does not exist on type 'IntrinsicAttributes & LucideProps'.
app/profile/stats.tsx(81,47): error TS2322: Type '{ size: number; color: string; }' is not assignable to type 'IntrinsicAttributes & LucideProps'.
  Property 'color' does not exist on type 'IntrinsicAttributes & LucideProps'.
app/profile/stats.tsx(89,49): error TS2322: Type '{ size: number; color: string; }' is not assignable to type 'IntrinsicAttributes & LucideProps'.
  Property 'color' does not exist on type 'IntrinsicAttributes & LucideProps'.
app/quiz/[id].tsx(145,34): error TS2322: Type '{ size: number; color: string; }' is not assignable to type 'IntrinsicAttributes & LucideProps'.
  Property 'color' does not exist on type 'IntrinsicAttributes & LucideProps'.
app/quiz/[id].tsx(151,38): error TS2322: Type '{ size: number; color: string; }' is not assignable to type 'IntrinsicAttributes & LucideProps'.
  Property 'color' does not exist on type 'IntrinsicAttributes & LucideProps'.
app/quiz/result.tsx(80,40): error TS2322: Type '{ size: number; color: string; }' is not assignable to type 'IntrinsicAttributes & LucideProps'.
  Property 'color' does not exist on type 'IntrinsicAttributes & LucideProps'.
app/study/[id].tsx(49,46): error TS2322: Type '{ size: number; color: string; }' is not assignable to type 'IntrinsicAttributes & LucideProps'.
  Property 'color' does not exist on type 'IntrinsicAttributes & LucideProps'.
app/study/[id].tsx(63,42): error TS2322: Type '{ size: number; color: string; }' is not assignable to type 'IntrinsicAttributes & LucideProps'.
  Property 'color' does not exist on type 'IntrinsicAttributes & LucideProps'.
app/study/[id].tsx(72,45): error TS2322: Type '{ size: number; color: string; }' is not assignable to type 'IntrinsicAttributes & LucideProps'.
  Property 'color' does not exist on type 'IntrinsicAttributes & LucideProps'.
app/study/[id].tsx(76,42): error TS2322: Type '{ size: number; color: string; }' is not assignable to type 'IntrinsicAttributes & LucideProps'.
  Property 'color' does not exist on type 'IntrinsicAttributes & LucideProps'.
app/topics/[categoryId].tsx(28,42): error TS2322: Type '{ size: number; color: string; }' is not assignable to type 'IntrinsicAttributes & LucideProps'.
  Property 'color' does not exist on type 'IntrinsicAttributes & LucideProps'.
app/topics/[categoryId].tsx(52,46): error TS2322: Type '{ size: number; color: string; style: { marginRight: number; }; }' is not assignable to type 'IntrinsicAttributes & LucideProps'.
  Property 'color' does not exist on type 'IntrinsicAttributes & LucideProps'.
app/topics/[categoryId].tsx(62,53): error TS2322: Type '{ size: number; color: string; style: { marginRight: number; }; }' is not assignable to type 'IntrinsicAttributes & LucideProps'.
  Property 'color' does not exist on type 'IntrinsicAttributes & LucideProps'.
app/topics/[categoryId].tsx(71,57): error TS2322: Type '{ size: number; color: string; style: { marginRight: number; }; }' is not assignable to type 'IntrinsicAttributes & LucideProps'.
  Property 'color' does not exist on type 'IntrinsicAttributes & LucideProps'.
components/CustomLoader.tsx(75,48): error TS2322: Type '{ size: number; color: string; fill: string; }' is not assignable to type 'IntrinsicAttributes & LucideProps'.
  Property 'color' does not exist on type 'IntrinsicAttributes & LucideProps'.
components/UIButton.tsx(63,50): error TS2322: Type '{ size: number; color: string; style: { marginRight: number; }; }' is not assignable to type 'IntrinsicAttributes & LucideProps'.
  Property 'color' does not exist on type 'IntrinsicAttributes & LucideProps'.
components/UIButton.tsx(89,50): error TS2322: Type '{ size: number; color: string; style: { marginRight: number; }; }' is not assignable to type 'IntrinsicAttributes & LucideProps'.
  Property 'color' does not exist on type 'IntrinsicAttributes & LucideProps'.
components/UIInput.tsx(12,38): error TS2322: Type '{ size: number; color: string; style: { position: "absolute"; left: number; zIndex: number; }; }' is not assignable to type 'IntrinsicAttributes & LucideProps'.
  Property 'color' does not exist on type 'IntrinsicAttributes & LucideProps'.
components/UserDetailDrawer.tsx(81,38): error TS2322: Type '{ size: number; color: string; }' is not assignable to type 'IntrinsicAttributes & LucideProps'.
  Property 'color' does not exist on type 'IntrinsicAttributes & LucideProps'.
components/UserDetailDrawer.tsx(109,54): error TS2322: Type '{ size: number; color: string; }' is not assignable to type 'IntrinsicAttributes & LucideProps'.
  Property 'color' does not exist on type 'IntrinsicAttributes & LucideProps'.
components/UserDetailDrawer.tsx(117,54): error TS2322: Type '{ size: number; color: string; }' is not assignable to type 'IntrinsicAttributes & LucideProps'.
  Property 'color' does not exist on type 'IntrinsicAttributes & LucideProps'.
components/UserDetailDrawer.tsx(125,55): error TS2322: Type '{ size: number; color: string; }' is not assignable to type 'IntrinsicAttributes & LucideProps'.
  Property 'color' does not exist on type 'IntrinsicAttributes & LucideProps'.
components/UserDetailDrawer.tsx(133,57): error TS2322: Type '{ size: number; color: string; }' is not assignable to type 'IntrinsicAttributes & LucideProps'.
  Property 'color' does not exist on type 'IntrinsicAttributes & LucideProps'.
context/ToastContext.tsx(56,59): error TS2322: Type '{ size: number; color: string; }' is not assignable to type 'IntrinsicAttributes & LucideProps'.
  Property 'color' does not exist on type 'IntrinsicAttributes & LucideProps'.
context/ToastContext.tsx(57,53): error TS2322: Type '{ size: number; color: string; }' is not assignable to type 'IntrinsicAttributes & LucideProps'.
  Property 'color' does not exist on type 'IntrinsicAttributes & LucideProps'.
context/ToastContext.tsx(58,49): error TS2322: Type '{ size: number; color: string; }' is not assignable to type 'IntrinsicAttributes & LucideProps'.
  Property 'color' does not exist on type 'IntrinsicAttributes & LucideProps'.
context/ToastContext.tsx(59,52): error TS2322: Type '{ size: number; color: string; }' is not assignable to type 'IntrinsicAttributes & LucideProps'.
  Property 'color' does not exist on type 'IntrinsicAttributes & LucideProps'.
context/ToastContext.tsx(88,48): error TS2322: Type '{ size: number; color: string; }' is not assignable to type 'IntrinsicAttributes & LucideProps'.
  Property 'color' does not exist on type 'IntrinsicAttributes & LucideProps'.
hooks/useAchievements.ts(4,24): error TS2307: Cannot find module 'react-native-svg' or its corresponding type declarations.
